// Jest Snapshot v1, https://goo.gl/fbAQLP

exports[`Dependent Plugins part within Button Group component 1. renders correctly: snapshot testing 1`] = `
<div
  className="starterblocks-button-display-dependencies"
/>
`;
