// Jest Snapshot v1, https://goo.gl/fbAQLP

exports[`Button Group renders correctly 1`] = `
<div
  className="starterblocks-import-button-group"
>
  PreviewImport
  DependentPlugins
</div>
`;
